
[10/77] 후보 37건, 추론 410프레임, 252s 경과
[20/77] 후보 54건, 추론 820프레임, 481s 경과
[30/77] 후보 63건, 추론 1230프레임, 922s 경과
[40/77] 후보 75건, 추론 1640프레임, 1177s 경과
[50/77] 후보 90건, 추론 2050프레임, 1481s 경과
[60/77] 후보 106건, 추론 2460프레임, 1769s 경과
[70/77] 후보 124건, 추론 2870프레임, 2060s 경과
[77/77] 후보 143건, 추론 3157프레임, 2277s 경과

[2단계] 후보 구간 정밀 스캔 + 대표 프레임 추출
[저장] .\EVENT_event_classification.csv

[저장] .\EVENT_candidates.csv
{
  "src": "C:\\Users\\이동욱\\blackbox_full\\EVENT",
  "files_scanned": 77,
  "files_skipped": 0,
  "sample_fps": 2.0,
  "frames_inferred": 3157,
  "elapsed_s": 2306.6,
  "candidates": 143,
  "by_type": {
    "d_person": 130,
    "c_brake": 8,
    "c_brake_near": 5
  }
}

=== EVENT 분류 요약 ===
  노면충격(방지턱 등)            68개
  판단애매                   7개
  정지/주차중                 2개


