[2026-07-20 23:31:54] ======================================================================
[2026-07-20 23:31:54] 야간 무인 배치 시작
[2026-07-20 23:31:54] TASK4 시작 — ffmpeg 파이프 방식 검증 (파일럿 3개 재스캔 후 비교)
[2026-07-20 23:31:54]   검증 대상: ['20260719-17h35m30s_N.avi', '20260719-17h37m28s_N.avi', '20260719-17h38m27s_N.avi']
[2026-07-20 23:33:03]   불일치 → cv2 회귀. ffmpeg 0건 {} / cv2 7건 {'d_person': 6, 'c_brake': 1}. ffmpeg 0s/file vs cv2 19.08s/file
[2026-07-20 23:33:03] TASK5 시작 — 07-20 NORMAL 표적 스캔 (정지 포함 필터, decode=cv2)
[2026-07-21 00:01:29]   OK — 125개 대상, 후보 621건 (a_occlusion 13건)
[2026-07-21 00:01:29] TASK6 시작 — NORMAL 전체 스캔 (체크포인트, decode=cv2)
[2026-07-21 00:38:39]   OK — 후보 846건 {'d_person': 618, 'c_brake': 75, 'c_brake_near': 129, 'a_occlusion': 13, 'b_reveal': 11}
[2026-07-21 00:38:39] TASK7 시작 — 후보 자동 등급화 (정렬까지만, 선별 판단 없음)
[2026-07-21 00:38:39]   a_occlusion 후보 총 26건 → 상위 20건 저장
[2026-07-21 00:38:39] TASK8 시작 — data.go.kr frequentzoneLg 재시도 (1시간 간격 최대 5회)
[2026-07-21 00:38:39]   시도 1/5 — 실패 HTTPError: HTTP Error 401: Unauthorized Unauthorized

[2026-07-21 00:38:39]   1시간 대기 후 재시도
[2026-07-21 01:38:39]   시도 2/5 — 실패 HTTPError: HTTP Error 401: Unauthorized Unauthorized

[2026-07-21 01:38:39]   1시간 대기 후 재시도
[2026-07-21 02:38:39]   시도 3/5 — 실패 HTTPError: HTTP Error 401: Unauthorized Unauthorized

[2026-07-21 02:38:39]   1시간 대기 후 재시도
[2026-07-21 03:38:40]   시도 4/5 — 실패 HTTPError: HTTP Error 401: Unauthorized Unauthorized

[2026-07-21 03:38:40]   1시간 대기 후 재시도
