[23:22:26] TASK1 브레이크등 평가 완료: detected 8 / near 9 / miss 17
[23:22:26] 결정: ffmpeg 미설치 → winget으로 설치 성공(8.1.2). 작업4 진행 가능
[23:23:20] TASK2 급감속 상위5 프레임 추출 완료
[2026-07-20 23:31:54] ======================================================================
[2026-07-20 23:31:54] 야간 무인 배치 시작
[2026-07-20 23:31:54] TASK4 시작 — ffmpeg 파이프 방식 검증 (파일럿 3개 재스캔 후 비교)
[2026-07-20 23:31:54]   검증 대상: ['20260719-17h35m30s_N.avi', '20260719-17h37m28s_N.avi', '20260719-17h38m27s_N.avi']
[2026-07-20 23:33:03]   불일치 → cv2 회귀. ffmpeg 0건 {} / cv2 7건 {'d_person': 6, 'c_brake': 1}. ffmpeg 0s/file vs cv2 19.08s/file
[2026-07-20 23:33:03] TASK5 시작 — 07-20 NORMAL 표적 스캔 (정지 포함 필터, decode=cv2)
[23:35:05] TASK3 latency_summary 통합 완료 (종단간 3기준)
[2026-07-20 23:40:57] TASK4 재검증 (PATH 문제 수정 후)
  - 1차 실패 원인 정정: '검출 불일치'가 아니라 'ffmpeg 미발견(PATH 미전파) → 0프레임'
  - find_ffmpeg() 절대경로 탐색 추가 후 정상 동작 확인
  - 재검증 결과: ffmpeg 5건(d_person=4,c_brake=1) vs cv2 7건(d_person=6,c_brake=1) → 불일치
  - 속도: ffmpeg 25.08 s/file vs cv2 19.08 s/file → ffmpeg가 더 느림
  - 결정: 기존 cv2 방식 유지 (지시된 회귀 규칙 적용). 목표 5s/file 미달성.
  - 사유: 병목이 디코딩이 아니라 YOLO 추론(120프레임/파일 x CPU)이므로 디코더 교체로
          해결되지 않음. 실질적 개선 레버는 sample_fps 하향 또는 더 작은 모델.
[2026-07-21 00:01:29]   OK — 125개 대상, 후보 621건 (a_occlusion 13건)
[2026-07-21 00:01:29] TASK6 시작 — NORMAL 전체 스캔 (체크포인트, decode=cv2)
[2026-07-21 00:38:39]   OK — 후보 846건 {'d_person': 618, 'c_brake': 75, 'c_brake_near': 129, 'a_occlusion': 13, 'b_reveal': 11}
[2026-07-21 00:38:39] TASK7 시작 — 후보 자동 등급화 (정렬까지만, 선별 판단 없음)
[2026-07-21 00:38:39]   a_occlusion 후보 총 26건 → 상위 20건 저장
[2026-07-21 00:38:39] TASK8 시작 — data.go.kr frequentzoneLg 재시도 (1시간 간격 최대 5회)
[2026-07-21 00:38:39]   시도 1/5 — 실패 HTTPError: HTTP Error 401: Unauthorized Unauthorized

[2026-07-21 00:38:39]   1시간 대기 후 재시도
[2026-07-21 01:38:39]   시도 2/5 — 실패 HTTPError: HTTP Error 401: Unauthorized Unauthorized

[2026-07-21 01:38:39]   1시간 대기 후 재시도
[2026-07-21 02:38:39]   시도 3/5 — 실패 HTTPError: HTTP Error 401: Unauthorized Unauthorized

[2026-07-21 02:38:39]   1시간 대기 후 재시도
[2026-07-21 03:38:40]   시도 4/5 — 실패 HTTPError: HTTP Error 401: Unauthorized Unauthorized

[2026-07-21 03:38:40]   1시간 대기 후 재시도
